<?xml version="1.0" encoding="UTF-8"?>
<testsuites name="jest tests" tests="5" failures="5" time="2.557">
  <testsuite name="undefined" errors="0" failures="5" skipped="0" timestamp="2022-08-20T01:01:49" time="1.858" tests="5">
    <testcase classname=" initial UI is rendered as expected" name=" initial UI is rendered as expected" time="0.042">
      <failure>Error: expect(received).toBe(expected) // Object.is equality

Expected: null
Received: &lt;ul class=&quot;styled mt-50&quot; data-testid=&quot;customer-list&quot; /&gt;
    at Object.&lt;anonymous&gt; (/projects/challenge/src/App.test.js:17:41)
    at Object.asyncJestTest (/projects/challenge/node_modules/jest-jasmine2/build/jasmineAsyncInstall.js:102:37)
    at /projects/challenge/node_modules/jest-jasmine2/build/queueRunner.js:43:12
    at new Promise (&lt;anonymous&gt;)
    at mapper (/projects/challenge/node_modules/jest-jasmine2/build/queueRunner.js:26:19)
    at /projects/challenge/node_modules/jest-jasmine2/build/queueRunner.js:73:41
    at processTicksAndRejections (internal/process/task_queues.js:95:5)</failure>
    </testcase>
    <testcase classname=" button adds customer" name=" button adds customer" time="0.056">
      <failure>TypeError: customers.map is not a function
    at CustomerList (/projects/challenge/src/components/customer-list/index.js:21:33)
    at renderWithHooks (/projects/challenge/node_modules/react-dom/cjs/react-dom.development.js:14803:18)
    at updateFunctionComponent (/projects/challenge/node_modules/react-dom/cjs/react-dom.development.js:17034:20)
    at beginWork (/projects/challenge/node_modules/react-dom/cjs/react-dom.development.js:18610:16)
    at HTMLUnknownElement.callCallback (/projects/challenge/node_modules/react-dom/cjs/react-dom.development.js:188:14)
    at invokeEventListeners (/projects/challenge/node_modules/jsdom/lib/jsdom/living/events/EventTarget-impl.js:193:27)
    at HTMLUnknownElementImpl._dispatch (/projects/challenge/node_modules/jsdom/lib/jsdom/living/events/EventTarget-impl.js:119:9)
    at HTMLUnknownElementImpl.dispatchEvent (/projects/challenge/node_modules/jsdom/lib/jsdom/living/events/EventTarget-impl.js:82:17)
    at HTMLUnknownElementImpl.dispatchEvent (/projects/challenge/node_modules/jsdom/lib/jsdom/living/nodes/HTMLElement-impl.js:30:27)
    at HTMLUnknownElement.dispatchEvent (/projects/challenge/node_modules/jsdom/lib/jsdom/living/generated/EventTarget.js:157:21)
    at Object.invokeGuardedCallbackDev (/projects/challenge/node_modules/react-dom/cjs/react-dom.development.js:237:16)
    at invokeGuardedCallback (/projects/challenge/node_modules/react-dom/cjs/react-dom.development.js:292:31)
    at beginWork$1 (/projects/challenge/node_modules/react-dom/cjs/react-dom.development.js:23203:7)
    at performUnitOfWork (/projects/challenge/node_modules/react-dom/cjs/react-dom.development.js:22157:12)
    at workLoopSync (/projects/challenge/node_modules/react-dom/cjs/react-dom.development.js:22130:22)
    at performSyncWorkOnRoot (/projects/challenge/node_modules/react-dom/cjs/react-dom.development.js:21756:9)
    at /projects/challenge/node_modules/react-dom/cjs/react-dom.development.js:11089:24
    at unstable_runWithPriority (/projects/challenge/node_modules/scheduler/cjs/scheduler.development.js:653:12)
    at runWithPriority$1 (/projects/challenge/node_modules/react-dom/cjs/react-dom.development.js:11039:10)
    at flushSyncCallbackQueueImpl (/projects/challenge/node_modules/react-dom/cjs/react-dom.development.js:11084:7)
    at flushSyncCallbackQueue (/projects/challenge/node_modules/react-dom/cjs/react-dom.development.js:11072:3)
    at batchedUpdates$1 (/projects/challenge/node_modules/react-dom/cjs/react-dom.development.js:21862:7)
    at act (/projects/challenge/node_modules/react-dom/cjs/react-dom-test-utils.development.js:929:14)
    at Object.eventWrapper (/projects/challenge/node_modules/@testing-library/react/dist/pure.js:64:28)
    at fireEvent (/projects/challenge/node_modules/@testing-library/dom/dist/events.js:16:35)
    at Function.fireEvent.&lt;computed&gt; [as click] (/projects/challenge/node_modules/@testing-library/dom/dist/events.js:125:36)
    at Function.click (/projects/challenge/node_modules/@testing-library/react/dist/fire-event.js:18:52)
    at Object.&lt;anonymous&gt; (/projects/challenge/src/App.test.js:28:12)
    at Object.asyncJestTest (/projects/challenge/node_modules/jest-jasmine2/build/jasmineAsyncInstall.js:102:37)
    at /projects/challenge/node_modules/jest-jasmine2/build/queueRunner.js:43:12
    at new Promise (&lt;anonymous&gt;)
    at mapper (/projects/challenge/node_modules/jest-jasmine2/build/queueRunner.js:26:19)
    at /projects/challenge/node_modules/jest-jasmine2/build/queueRunner.js:73:41</failure>
    </testcase>
    <testcase classname=" button adds multiple customer" name=" button adds multiple customer" time="0.009">
      <failure>TypeError: customers.map is not a function
    at CustomerList (/projects/challenge/src/components/customer-list/index.js:21:33)
    at renderWithHooks (/projects/challenge/node_modules/react-dom/cjs/react-dom.development.js:14803:18)
    at updateFunctionComponent (/projects/challenge/node_modules/react-dom/cjs/react-dom.development.js:17034:20)
    at beginWork (/projects/challenge/node_modules/react-dom/cjs/react-dom.development.js:18610:16)
    at HTMLUnknownElement.callCallback (/projects/challenge/node_modules/react-dom/cjs/react-dom.development.js:188:14)
    at invokeEventListeners (/projects/challenge/node_modules/jsdom/lib/jsdom/living/events/EventTarget-impl.js:193:27)
    at HTMLUnknownElementImpl._dispatch (/projects/challenge/node_modules/jsdom/lib/jsdom/living/events/EventTarget-impl.js:119:9)
    at HTMLUnknownElementImpl.dispatchEvent (/projects/challenge/node_modules/jsdom/lib/jsdom/living/events/EventTarget-impl.js:82:17)
    at HTMLUnknownElementImpl.dispatchEvent (/projects/challenge/node_modules/jsdom/lib/jsdom/living/nodes/HTMLElement-impl.js:30:27)
    at HTMLUnknownElement.dispatchEvent (/projects/challenge/node_modules/jsdom/lib/jsdom/living/generated/EventTarget.js:157:21)
    at Object.invokeGuardedCallbackDev (/projects/challenge/node_modules/react-dom/cjs/react-dom.development.js:237:16)
    at invokeGuardedCallback (/projects/challenge/node_modules/react-dom/cjs/react-dom.development.js:292:31)
    at beginWork$1 (/projects/challenge/node_modules/react-dom/cjs/react-dom.development.js:23203:7)
    at performUnitOfWork (/projects/challenge/node_modules/react-dom/cjs/react-dom.development.js:22157:12)
    at workLoopSync (/projects/challenge/node_modules/react-dom/cjs/react-dom.development.js:22130:22)
    at performSyncWorkOnRoot (/projects/challenge/node_modules/react-dom/cjs/react-dom.development.js:21756:9)
    at /projects/challenge/node_modules/react-dom/cjs/react-dom.development.js:11089:24
    at unstable_runWithPriority (/projects/challenge/node_modules/scheduler/cjs/scheduler.development.js:653:12)
    at runWithPriority$1 (/projects/challenge/node_modules/react-dom/cjs/react-dom.development.js:11039:10)
    at flushSyncCallbackQueueImpl (/projects/challenge/node_modules/react-dom/cjs/react-dom.development.js:11084:7)
    at flushSyncCallbackQueue (/projects/challenge/node_modules/react-dom/cjs/react-dom.development.js:11072:3)
    at batchedUpdates$1 (/projects/challenge/node_modules/react-dom/cjs/react-dom.development.js:21862:7)
    at act (/projects/challenge/node_modules/react-dom/cjs/react-dom-test-utils.development.js:929:14)
    at Object.eventWrapper (/projects/challenge/node_modules/@testing-library/react/dist/pure.js:64:28)
    at fireEvent (/projects/challenge/node_modules/@testing-library/dom/dist/events.js:16:35)
    at Function.fireEvent.&lt;computed&gt; [as click] (/projects/challenge/node_modules/@testing-library/dom/dist/events.js:125:36)
    at Function.click (/projects/challenge/node_modules/@testing-library/react/dist/fire-event.js:18:52)
    at Object.&lt;anonymous&gt; (/projects/challenge/src/App.test.js:40:12)
    at Object.asyncJestTest (/projects/challenge/node_modules/jest-jasmine2/build/jasmineAsyncInstall.js:102:37)
    at /projects/challenge/node_modules/jest-jasmine2/build/queueRunner.js:43:12
    at new Promise (&lt;anonymous&gt;)
    at mapper (/projects/challenge/node_modules/jest-jasmine2/build/queueRunner.js:26:19)
    at /projects/challenge/node_modules/jest-jasmine2/build/queueRunner.js:73:41</failure>
    </testcase>
    <testcase classname=" after adding customer input has no value" name=" after adding customer input has no value" time="0.008">
      <failure>TypeError: customers.map is not a function
    at CustomerList (/projects/challenge/src/components/customer-list/index.js:21:33)
    at renderWithHooks (/projects/challenge/node_modules/react-dom/cjs/react-dom.development.js:14803:18)
    at updateFunctionComponent (/projects/challenge/node_modules/react-dom/cjs/react-dom.development.js:17034:20)
    at beginWork (/projects/challenge/node_modules/react-dom/cjs/react-dom.development.js:18610:16)
    at HTMLUnknownElement.callCallback (/projects/challenge/node_modules/react-dom/cjs/react-dom.development.js:188:14)
    at invokeEventListeners (/projects/challenge/node_modules/jsdom/lib/jsdom/living/events/EventTarget-impl.js:193:27)
    at HTMLUnknownElementImpl._dispatch (/projects/challenge/node_modules/jsdom/lib/jsdom/living/events/EventTarget-impl.js:119:9)
    at HTMLUnknownElementImpl.dispatchEvent (/projects/challenge/node_modules/jsdom/lib/jsdom/living/events/EventTarget-impl.js:82:17)
    at HTMLUnknownElementImpl.dispatchEvent (/projects/challenge/node_modules/jsdom/lib/jsdom/living/nodes/HTMLElement-impl.js:30:27)
    at HTMLUnknownElement.dispatchEvent (/projects/challenge/node_modules/jsdom/lib/jsdom/living/generated/EventTarget.js:157:21)
    at Object.invokeGuardedCallbackDev (/projects/challenge/node_modules/react-dom/cjs/react-dom.development.js:237:16)
    at invokeGuardedCallback (/projects/challenge/node_modules/react-dom/cjs/react-dom.development.js:292:31)
    at beginWork$1 (/projects/challenge/node_modules/react-dom/cjs/react-dom.development.js:23203:7)
    at performUnitOfWork (/projects/challenge/node_modules/react-dom/cjs/react-dom.development.js:22157:12)
    at workLoopSync (/projects/challenge/node_modules/react-dom/cjs/react-dom.development.js:22130:22)
    at performSyncWorkOnRoot (/projects/challenge/node_modules/react-dom/cjs/react-dom.development.js:21756:9)
    at /projects/challenge/node_modules/react-dom/cjs/react-dom.development.js:11089:24
    at unstable_runWithPriority (/projects/challenge/node_modules/scheduler/cjs/scheduler.development.js:653:12)
    at runWithPriority$1 (/projects/challenge/node_modules/react-dom/cjs/react-dom.development.js:11039:10)
    at flushSyncCallbackQueueImpl (/projects/challenge/node_modules/react-dom/cjs/react-dom.development.js:11084:7)
    at flushSyncCallbackQueue (/projects/challenge/node_modules/react-dom/cjs/react-dom.development.js:11072:3)
    at batchedUpdates$1 (/projects/challenge/node_modules/react-dom/cjs/react-dom.development.js:21862:7)
    at act (/projects/challenge/node_modules/react-dom/cjs/react-dom-test-utils.development.js:929:14)
    at Object.eventWrapper (/projects/challenge/node_modules/@testing-library/react/dist/pure.js:64:28)
    at fireEvent (/projects/challenge/node_modules/@testing-library/dom/dist/events.js:16:35)
    at Function.fireEvent.&lt;computed&gt; [as click] (/projects/challenge/node_modules/@testing-library/dom/dist/events.js:125:36)
    at Function.click (/projects/challenge/node_modules/@testing-library/react/dist/fire-event.js:18:52)
    at Object.&lt;anonymous&gt; (/projects/challenge/src/App.test.js:62:12)
    at Object.asyncJestTest (/projects/challenge/node_modules/jest-jasmine2/build/jasmineAsyncInstall.js:102:37)
    at /projects/challenge/node_modules/jest-jasmine2/build/queueRunner.js:43:12
    at new Promise (&lt;anonymous&gt;)
    at mapper (/projects/challenge/node_modules/jest-jasmine2/build/queueRunner.js:26:19)
    at /projects/challenge/node_modules/jest-jasmine2/build/queueRunner.js:73:41</failure>
    </testcase>
    <testcase classname=" no customer added on empty input" name=" no customer added on empty input" time="0.008">
      <failure>TypeError: customers.map is not a function
    at CustomerList (/projects/challenge/src/components/customer-list/index.js:21:33)
    at renderWithHooks (/projects/challenge/node_modules/react-dom/cjs/react-dom.development.js:14803:18)
    at updateFunctionComponent (/projects/challenge/node_modules/react-dom/cjs/react-dom.development.js:17034:20)
    at beginWork (/projects/challenge/node_modules/react-dom/cjs/react-dom.development.js:18610:16)
    at HTMLUnknownElement.callCallback (/projects/challenge/node_modules/react-dom/cjs/react-dom.development.js:188:14)
    at invokeEventListeners (/projects/challenge/node_modules/jsdom/lib/jsdom/living/events/EventTarget-impl.js:193:27)
    at HTMLUnknownElementImpl._dispatch (/projects/challenge/node_modules/jsdom/lib/jsdom/living/events/EventTarget-impl.js:119:9)
    at HTMLUnknownElementImpl.dispatchEvent (/projects/challenge/node_modules/jsdom/lib/jsdom/living/events/EventTarget-impl.js:82:17)
    at HTMLUnknownElementImpl.dispatchEvent (/projects/challenge/node_modules/jsdom/lib/jsdom/living/nodes/HTMLElement-impl.js:30:27)
    at HTMLUnknownElement.dispatchEvent (/projects/challenge/node_modules/jsdom/lib/jsdom/living/generated/EventTarget.js:157:21)
    at Object.invokeGuardedCallbackDev (/projects/challenge/node_modules/react-dom/cjs/react-dom.development.js:237:16)
    at invokeGuardedCallback (/projects/challenge/node_modules/react-dom/cjs/react-dom.development.js:292:31)
    at beginWork$1 (/projects/challenge/node_modules/react-dom/cjs/react-dom.development.js:23203:7)
    at performUnitOfWork (/projects/challenge/node_modules/react-dom/cjs/react-dom.development.js:22157:12)
    at workLoopSync (/projects/challenge/node_modules/react-dom/cjs/react-dom.development.js:22130:22)
    at performSyncWorkOnRoot (/projects/challenge/node_modules/react-dom/cjs/react-dom.development.js:21756:9)
    at /projects/challenge/node_modules/react-dom/cjs/react-dom.development.js:11089:24
    at unstable_runWithPriority (/projects/challenge/node_modules/scheduler/cjs/scheduler.development.js:653:12)
    at runWithPriority$1 (/projects/challenge/node_modules/react-dom/cjs/react-dom.development.js:11039:10)
    at flushSyncCallbackQueueImpl (/projects/challenge/node_modules/react-dom/cjs/react-dom.development.js:11084:7)
    at flushSyncCallbackQueue (/projects/challenge/node_modules/react-dom/cjs/react-dom.development.js:11072:3)
    at batchedUpdates$1 (/projects/challenge/node_modules/react-dom/cjs/react-dom.development.js:21862:7)
    at act (/projects/challenge/node_modules/react-dom/cjs/react-dom-test-utils.development.js:929:14)
    at Object.eventWrapper (/projects/challenge/node_modules/@testing-library/react/dist/pure.js:64:28)
    at fireEvent (/projects/challenge/node_modules/@testing-library/dom/dist/events.js:16:35)
    at Function.fireEvent.&lt;computed&gt; [as click] (/projects/challenge/node_modules/@testing-library/dom/dist/events.js:125:36)
    at Function.click (/projects/challenge/node_modules/@testing-library/react/dist/fire-event.js:18:52)
    at Object.&lt;anonymous&gt; (/projects/challenge/src/App.test.js:75:12)
    at Object.asyncJestTest (/projects/challenge/node_modules/jest-jasmine2/build/jasmineAsyncInstall.js:102:37)
    at /projects/challenge/node_modules/jest-jasmine2/build/queueRunner.js:43:12
    at new Promise (&lt;anonymous&gt;)
    at mapper (/projects/challenge/node_modules/jest-jasmine2/build/queueRunner.js:26:19)
    at /projects/challenge/node_modules/jest-jasmine2/build/queueRunner.js:73:41</failure>
    </testcase>
  </testsuite>
</testsuites>